
> booking-futbol@0.1.0 build
> npx prisma generate && next build

Environment variables loaded from .env
Prisma schema loaded from prisma/schema.prisma
warn Preview feature "driverAdapters" is deprecated. The functionality can be used without specifying it as a preview feature.

✔ Generated Prisma Client (v6.19.2) to ./node_modules/@prisma/client in 173ms

Start by importing your Prisma Client (See: https://pris.ly/d/importing-client)

Tip: Interested in query caching in just a few lines of code? Try Accelerate today! https://pris.ly/tip-3-accelerate

 ⚠ Mismatching @next/swc version, detected: 15.5.7 while Next.js is on 15.5.11. Please ensure these match
 ⚠ `devIndicators.appIsrStatus` is deprecated and no longer configurable. Please remove it from next.config.ts.
   ▲ Next.js 15.5.11
   - Environments: .env
   - Experiments (use with caution):
     · optimizePackageImports

   Creating an optimized production build ...
 ⚠ Mismatching @next/swc version, detected: 15.5.7 while Next.js is on 15.5.11. Please ensure these match
 ⚠ Mismatching @next/swc version, detected: 15.5.7 while Next.js is on 15.5.11. Please ensure these match
 ⚠ Mismatching @next/swc version, detected: 15.5.7 while Next.js is on 15.5.11. Please ensure these match
 ✓ Compiled successfully in 7.3s
   Linting and checking validity of types ...

Failed to compile.

./src/__tests__/security.test.ts
8:10  Warning: 'NextResponse' is defined but never used.  @typescript-eslint/no-unused-vars

./src/__tests__/subscription.test.ts
76:19  Warning: 'data' is assigned a value but never used.  @typescript-eslint/no-unused-vars

./src/app/[slug]/fields/[id]/page.tsx
96:33  Warning: Using `<img>` could result in slower LCP and higher bandwidth. Consider using `<Image />` from `next/image` or a custom image loader to automatically optimize images. This may incur additional usage or cost from your provider. See: https://nextjs.org/docs/messages/no-img-element  @next/next/no-img-element

./src/app/admin/layout.tsx
57:8  Warning: React Hook useEffect has a missing dependency: 'sessionData.user'. Either include it or remove the dependency array.  react-hooks/exhaustive-deps

./src/app/admin/login/page.tsx
40:18  Warning: 'err' is defined but never used.  @typescript-eslint/no-unused-vars

./src/app/admin/subscription/SubscriptionClient.tsx
83:18  Warning: 'e' is defined but never used.  @typescript-eslint/no-unused-vars
110:18  Warning: 'e' is defined but never used.  @typescript-eslint/no-unused-vars

./src/app/api/admin/apikeys/route.ts
6:27  Warning: 'request' is defined but never used.  @typescript-eslint/no-unused-vars

./src/app/api/admin/complex/subscribe/route.ts
5:28  Warning: 'request' is defined but never used.  @typescript-eslint/no-unused-vars
23:14  Warning: 'error' is defined but never used.  @typescript-eslint/no-unused-vars

./src/app/api/bookings/route.ts
101:52  Warning: 'totalPrice' is assigned a value but never used.  @typescript-eslint/no-unused-vars

./src/app/api/fields/route.ts
26:14  Warning: 'error' is defined but never used.  @typescript-eslint/no-unused-vars
45:15  Error: 'name' is never reassigned. Use 'const' instead.  prefer-const
45:34  Error: 'imageUrl' is never reassigned. Use 'const' instead.  prefer-const
45:44  Error: 'availableDays' is never reassigned. Use 'const' instead.  prefer-const
45:59  Error: 'openTime' is never reassigned. Use 'const' instead.  prefer-const
45:69  Error: 'closeTime' is never reassigned. Use 'const' instead.  prefer-const

./src/app/api/inventory/[id]/route.ts
34:14  Warning: 'error' is defined but never used.  @typescript-eslint/no-unused-vars
61:14  Warning: 'error' is defined but never used.  @typescript-eslint/no-unused-vars

./src/app/api/inventory/route.ts
17:14  Warning: 'error' is defined but never used.  @typescript-eslint/no-unused-vars

./src/app/api/saas/complexes/route.ts
27:27  Warning: 'request' is defined but never used.  @typescript-eslint/no-unused-vars

./src/app/api/subscription/activate-trial/route.ts
40:15  Warning: 'hasActiveSubscription' is assigned a value but never used.  @typescript-eslint/no-unused-vars

./src/app/api/subscription/status/route.ts
52:14  Warning: 'e' is defined but never used.  @typescript-eslint/no-unused-vars

./src/app/api/webhooks/mercadopago/route.ts
3:19  Warning: 'preference' is defined but never used.  @typescript-eslint/no-unused-vars
22:14  Warning: 'e' is defined but never used.  @typescript-eslint/no-unused-vars

./src/app/page.tsx
3:8  Warning: 'Image' is defined but never used.  @typescript-eslint/no-unused-vars
72:41  Warning: Using `<img>` could result in slower LCP and higher bandwidth. Consider using `<Image />` from `next/image` or a custom image loader to automatically optimize images. This may incur additional usage or cost from your provider. See: https://nextjs.org/docs/messages/no-img-element  @next/next/no-img-element

./src/app/pay/[id]/SplitPaymentForm.tsx
2:20  Warning: 'useEffect' is defined but never used.  @typescript-eslint/no-unused-vars
5:90  Warning: 'depositReached' is defined but never used.  @typescript-eslint/no-unused-vars
6:11  Warning: 'router' is assigned a value but never used.  @typescript-eslint/no-unused-vars

./src/app/pay/[id]/page.tsx
37:11  Warning: 'isCompleted' is assigned a value but never used.  @typescript-eslint/no-unused-vars

./src/app/saas-admin/page.tsx
39:8  Warning: React Hook useEffect has a missing dependency: 'fetchData'. Either include it or remove the dependency array.  react-hooks/exhaustive-deps
74:18  Warning: 'e' is defined but never used.  @typescript-eslint/no-unused-vars
130:18  Warning: 'e' is defined but never used.  @typescript-eslint/no-unused-vars
145:11  Warning: 'complexRevenue' is assigned a value but never used.  @typescript-eslint/no-unused-vars
146:11  Warning: 'totalBookings' is assigned a value but never used.  @typescript-eslint/no-unused-vars

./src/components/admin/AccountSettings.tsx
35:21  Warning: Using `<img>` could result in slower LCP and higher bandwidth. Consider using `<Image />` from `next/image` or a custom image loader to automatically optimize images. This may incur additional usage or cost from your provider. See: https://nextjs.org/docs/messages/no-img-element  @next/next/no-img-element

./src/components/admin/ApiKeySettings.tsx
19:11  Warning: 'router' is assigned a value but never used.  @typescript-eslint/no-unused-vars
32:18  Warning: 'e' is defined but never used.  @typescript-eslint/no-unused-vars
56:18  Warning: 'e' is defined but never used.  @typescript-eslint/no-unused-vars
73:18  Warning: 'e' is defined but never used.  @typescript-eslint/no-unused-vars

./src/components/admin/BookingManagement.tsx
65:22  Warning: 'err' is defined but never used.  @typescript-eslint/no-unused-vars
82:18  Warning: 'err' is defined but never used.  @typescript-eslint/no-unused-vars
109:18  Warning: 'err' is defined but never used.  @typescript-eslint/no-unused-vars

./src/components/admin/ComplexImageSettings.tsx
47:18  Warning: 'error' is defined but never used.  @typescript-eslint/no-unused-vars
109:25  Warning: Using `<img>` could result in slower LCP and higher bandwidth. Consider using `<Image />` from `next/image` or a custom image loader to automatically optimize images. This may incur additional usage or cost from your provider. See: https://nextjs.org/docs/messages/no-img-element  @next/next/no-img-element

./src/components/admin/ComplexNameSettings.tsx
41:18  Warning: 'e' is defined but never used.  @typescript-eslint/no-unused-vars

./src/components/admin/FieldManagement.tsx
132:18  Warning: 'err' is defined but never used.  @typescript-eslint/no-unused-vars
314:37  Warning: Using `<img>` could result in slower LCP and higher bandwidth. Consider using `<Image />` from `next/image` or a custom image loader to automatically optimize images. This may incur additional usage or cost from your provider. See: https://nextjs.org/docs/messages/no-img-element  @next/next/no-img-element

./src/components/admin/InventoryManagement.tsx
72:18  Warning: 'err' is defined but never used.  @typescript-eslint/no-unused-vars
87:18  Warning: 'err' is defined but never used.  @typescript-eslint/no-unused-vars

./src/components/admin/OAuthConnect.tsx
51:25  Warning: Using `<img>` could result in slower LCP and higher bandwidth. Consider using `<Image />` from `next/image` or a custom image loader to automatically optimize images. This may incur additional usage or cost from your provider. See: https://nextjs.org/docs/messages/no-img-element  @next/next/no-img-element
80:25  Warning: Using `<img>` could result in slower LCP and higher bandwidth. Consider using `<Image />` from `next/image` or a custom image loader to automatically optimize images. This may incur additional usage or cost from your provider. See: https://nextjs.org/docs/messages/no-img-element  @next/next/no-img-element

./src/components/admin/PaymentSettings.tsx
30:18  Warning: 'e' is defined but never used.  @typescript-eslint/no-unused-vars

./src/components/admin/ReportingDashboard.tsx
30:8  Warning: React Hook useEffect has a missing dependency: 'fetchReport'. Either include it or remove the dependency array.  react-hooks/exhaustive-deps
115:103  Warning: 'i' is defined but never used.  @typescript-eslint/no-unused-vars

./src/components/client/BookingFlow.tsx
155:23  Warning: '_' is defined but never used.  @typescript-eslint/no-unused-vars
198:18  Warning: 'e' is defined but never used.  @typescript-eslint/no-unused-vars

./src/components/client/FieldCard.tsx
11:29  Warning: Using `<img>` could result in slower LCP and higher bandwidth. Consider using `<Image />` from `next/image` or a custom image loader to automatically optimize images. This may incur additional usage or cost from your provider. See: https://nextjs.org/docs/messages/no-img-element  @next/next/no-img-element

./src/middleware.ts
22:18  Warning: 'e' is defined but never used.  @typescript-eslint/no-unused-vars

info  - Need to disable some ESLint rules? Learn more here: https://nextjs.org/docs/app/api-reference/config/eslint#disabling-rules
